projects/amazon-trend-analyzer/qb_chunks/page_316_skip316000.csv
ASIN Buyability Flag,asin_status,CVR%,revenue,asp,units,gv,Images #,Videos #,Has A+ Content,Buybox Winner,Average Rating,Number of Ratings,bb_price,Ad CTR%,Ad CVR%,bsr,brand,Ad CPC$,ASIN (Description),Update Type,Sold By Amazon,Has Coupon?,Has Store Link?,In Stock Today?,category,Sellable On Hand Units,asin,date,Ad Cost,Ad Sales,Ad Clicks,Ad Impressions,Ad Conversions
In Stock,FD,,,,,,5.0,0.0,True,,4.2,211.0,59.77,,,3931.0,Peeps,,"B09TRWQK3H (Peeps: 12"" Pattern Bunnies Squeaker Pet Toy(s) Assorted YO- 10PC PDQ)",[],True,False,False,True,Seasonal Toys,8.0,B09TRWQK3H,2026-01-09,,,,,
In Stock,FD,,,,,,6.0,0.0,True,,4.2,211.0,61.02,,,3957.0,Peeps,,"B09TRWQK3H (Peeps: 12"" Pattern Bunnies Squeaker Pet Toy(s) Assorted YO- 10PC PDQ)",[],True,False,False,True,Seasonal Toys,8.0,B09TRWQK3H,2026-01-08,,,,,
In Stock,FD,0.0,,,,1.0,6.0,0.0,True,,4.2,211.0,61.02,,,3978.0,Peeps,,"B09TRWQK3H (Peeps: 12"" Pattern Bunnies Squeaker Pet Toy(s) Assorted YO- 10PC PDQ)",[],True,False,False,True,Seasonal Toys,8.0,B09TRWQK3H,2026-01-07,,,,,
In Stock,FD,,,,,,6.0,0.0,True,,4.2,210.0,58.19,,,3977.0,Peeps,,"B09TRWQK3H (Peeps: 12"" Pattern Bunnies Squeaker Pet Toy(s) Assorted YO- 10PC PDQ)",[],True,False,False,True,Seasonal Toys,8.0,B09TRWQK3H,2026-01-06,,,,,
In Stock,FD,0.0,,,,1.0,6.0,0.0,True,,4.2,210.0,58.19,,,3998.0,Peeps,,"B09TRWQK3H (Peeps: 12"" Pattern Bunnies Squeaker Pet Toy(s) Assorted YO- 10PC PDQ)",[],True,False,False,True,Seasonal Toys,8.0,B09TRWQK3H,2026-01-05,,,,,
In Stock,FD,0.0,,,,4.0,6.0,0.0,True,,4.2,210.0,58.19,,,4006.0,Peeps,,"B09TRWQK3H (Peeps: 12"" Pattern Bunnies Squeaker Pet Toy(s) Assorted YO- 10PC PDQ)",[],True,False,False,True,Seasonal Toys,8.0,B09TRWQK3H,2026-01-04,,,,,
In Stock,FD,0.0,,,,2.0,6.0,0.0,True,,4.2,210.0,58.19,,,3992.0,Peeps,,"B09TRWQK3H (Peeps: 12"" Pattern Bunnies Squeaker Pet Toy(s) Assorted YO- 10PC PDQ)",[],True,False,False,True,Seasonal Toys,8.0,B09TRWQK3H,2026-01-03,,,,,
In Stock,FD,0.0,,,,3.0,6.0,0.0,True,,4.2,210.0,58.19,,,4007.0,Peeps,,"B09TRWQK3H (Peeps: 12"" Pattern Bunnies Squeaker Pet Toy(s) Assorted YO- 10PC PDQ)",[],True,False,False,True,Seasonal Toys,8.0,B09TRWQK3H,2026-01-02,,,,,
In Stock,FD,,,,,,6.0,0.0,True,,4.2,210.0,58.19,,,4034.0,Peeps,,"B09TRWQK3H (Peeps: 12"" Pattern Bunnies Squeaker Pet Toy(s) Assorted YO- 10PC PDQ)",[],True,False,False,True,Seasonal Toys,8.0,B09TRWQK3H,2026-01-01,,,,,
In Stock,FD,0.0,,,,3.0,6.0,0.0,True,,4.4,32.0,58.19,,,5723.0,Peeps,,"B09TRWQK3H (Peeps: 12"" Pattern Bunnies Squeaker Pet Toy(s) Assorted YO- 10PC PDQ)",[],True,False,False,True,Seasonal Toys,8.0,B09TRWQK3H,2025-12-31,,,,,
In Stock,FD,0.0,,,,2.0,6.0,0.0,True,,4.4,32.0,58.19,,,5738.0,Peeps,,"B09TRWQK3H (Peeps: 12"" Pattern Bunnies Squeaker Pet Toy(s) Assorted YO- 10PC PDQ)",[],True,False,False,True,Seasonal Toys,8.0,B09TRWQK3H,2025-12-30,,,,,
In Stock,FD,0.0,,,,1.0,6.0,0.0,True,,4.6,21.0,58.19,,,5731.0,Peeps,,"B09TRWQK3H (Peeps: 12"" Pattern Bunnies Squeaker Pet Toy(s) Assorted YO- 10PC PDQ)",[],True,False,False,True,Seasonal Toys,8.0,B09TRWQK3H,2025-12-29,,,,,
In Stock,FD,,,,,,6.0,0.0,True,,4.6,21.0,58.19,,,5746.0,Peeps,,"B09TRWQK3H (Peeps: 12"" Pattern Bunnies Squeaker Pet Toy(s) Assorted YO- 10PC PDQ)",[],True,False,False,True,Seasonal Toys,8.0,B09TRWQK3H,2025-12-28,,,,,
In Stock,FD,0.0,,,,2.0,6.0,0.0,True,,4.6,21.0,58.19,,,5727.0,Peeps,,"B09TRWQK3H (Peeps: 12"" Pattern Bunnies Squeaker Pet Toy(s) Assorted YO- 10PC PDQ)",[],True,False,False,True,Seasonal Toys,8.0,B09TRWQK3H,2025-12-27,,,,,
In Stock,FD,,,,,,6.0,0.0,True,,4.6,21.0,58.19,,,5700.0,Peeps,,"B09TRWQK3H (Peeps: 12"" Pattern Bunnies Squeaker Pet Toy(s) Assorted YO- 10PC PDQ)",[],True,False,False,True,Seasonal Toys,8.0,B09TRWQK3H,2025-12-26,,,,,
In Stock,FD,0.0,,,,1.0,6.0,0.0,True,,4.6,21.0,58.19,,,5659.0,Peeps,,"B09TRWQK3H (Peeps: 12"" Pattern Bunnies Squeaker Pet Toy(s) Assorted YO- 10PC PDQ)",[],True,False,False,True,Seasonal Toys,8.0,B09TRWQK3H,2025-12-25,,,,,
In Stock,FD,,,,,,6.0,0.0,True,,4.6,21.0,66.41,,,5594.0,Peeps,,"B09TRWQK3H (Peeps: 12"" Pattern Bunnies Squeaker Pet Toy(s) Assorted YO- 10PC PDQ)",[],True,False,False,True,Seasonal Toys,8.0,B09TRWQK3H,2025-12-24,,,,,
In Stock,FD,0.0,,,,2.0,6.0,0.0,True,,4.6,21.0,53.36,,,5531.0,Peeps,,"B09TRWQK3H (Peeps: 12"" Pattern Bunnies Squeaker Pet Toy(s) Assorted YO- 10PC PDQ)",[],True,False,False,True,Seasonal Toys,8.0,B09TRWQK3H,2025-12-23,,,,,
In Stock,FD,0.0,,,,1.0,6.0,0.0,True,,4.6,21.0,53.36,,,5396.0,Peeps,,"B09TRWQK3H (Peeps: 12"" Pattern Bunnies Squeaker Pet Toy(s) Assorted YO- 10PC PDQ)",[],True,False,False,True,Seasonal Toys,8.0,B09TRWQK3H,2025-12-22,,,,,
In Stock,FD,,,,,,6.0,0.0,True,,4.6,21.0,53.36,,,5193.0,Peeps,,"B09TRWQK3H (Peeps: 12"" Pattern Bunnies Squeaker Pet Toy(s) Assorted YO- 10PC PDQ)",[],True,False,False,True,Seasonal Toys,8.0,B09TRWQK3H,2025-12-21,,,,,
In Stock,FD,0.0,,,,2.0,6.0,0.0,True,,4.3,76.0,53.36,,,4943.0,Peeps,,"B09TRWQK3H (Peeps: 12"" Pattern Bunnies Squeaker Pet Toy(s) Assorted YO- 10PC PDQ)",[],True,False,False,True,Seasonal Toys,8.0,B09TRWQK3H,2025-12-20,,,,,
In Stock,FD,0.0,,,,4.0,6.0,0.0,True,,4.3,76.0,53.36,,,4620.0,Peeps,,"B09TRWQK3H (Peeps: 12"" Pattern Bunnies Squeaker Pet Toy(s) Assorted YO- 10PC PDQ)",[],True,False,False,True,Seasonal Toys,8.0,B09TRWQK3H,2025-12-19,,,,,
In Stock,FD,,,,,,6.0,0.0,True,,4.3,76.0,59.29,,,4249.0,Peeps,,"B09TRWQK3H (Peeps: 12"" Pattern Bunnies Squeaker Pet Toy(s) Assorted YO- 10PC PDQ)",[],True,False,False,True,Seasonal Toys,8.0,B09TRWQK3H,2025-12-18,,,,,
In Stock,FD,0.0,,,,1.0,6.0,0.0,True,,4.2,198.0,59.29,,,3664.0,Peeps,,"B09TRWQK3H (Peeps: 12"" Pattern Bunnies Squeaker Pet Toy(s) Assorted YO- 10PC PDQ)",[],True,False,False,True,Seasonal Toys,8.0,B09TRWQK3H,2025-12-17,,,,,
In Stock,FD,0.0,,,,1.0,6.0,0.0,True,,4.2,197.0,65.91,,,3225.0,Peeps,,"B09TRWQK3H (Peeps: 12"" Pattern Bunnies Squeaker Pet Toy(s) Assorted YO- 10PC PDQ)",[],True,False,False,True,Seasonal Toys,8.0,B09TRWQK3H,2025-12-16,,,,,
In Stock,FD,0.0,,,,1.0,6.0,0.0,True,,4.2,197.0,65.91,,,4639.0,Peeps,,"B09TRWQK3H (Peeps: 12"" Pattern Bunnies Squeaker Pet Toy(s) Assorted YO- 10PC PDQ)",[],True,False,False,True,Seasonal Toys,8.0,B09TRWQK3H,2025-12-15,,,,,
In Stock,FD,0.0,,,,1.0,6.0,0.0,True,,4.2,197.0,65.91,,,4582.0,Peeps,,"B09TRWQK3H (Peeps: 12"" Pattern Bunnies Squeaker Pet Toy(s) Assorted YO- 10PC PDQ)",[],True,False,False,True,Seasonal Toys,8.0,B09TRWQK3H,2025-12-14,,,,,
In Stock,FD,,,,,,6.0,0.0,True,,4.2,197.0,66.12,,,4534.0,Peeps,,"B09TRWQK3H (Peeps: 12"" Pattern Bunnies Squeaker Pet Toy(s) Assorted YO- 10PC PDQ)",[],True,False,False,True,Seasonal Toys,8.0,B09TRWQK3H,2025-12-13,,,,,
In Stock,FD,0.0,,,,4.0,6.0,0.0,True,,4.2,196.0,66.12,,,4559.0,Peeps,,"B09TRWQK3H (Peeps: 12"" Pattern Bunnies Squeaker Pet Toy(s) Assorted YO- 10PC PDQ)",[],True,False,False,True,Seasonal Toys,8.0,B09TRWQK3H,2025-12-12,,,,,
In Stock,FD,,,,,,6.0,0.0,True,,4.2,196.0,66.12,,,4535.0,Peeps,,"B09TRWQK3H (Peeps: 12"" Pattern Bunnies Squeaker Pet Toy(s) Assorted YO- 10PC PDQ)",[],True,False,False,True,Seasonal Toys,8.0,B09TRWQK3H,2025-12-11,,,,,
In Stock,FD,0.0,,,,2.0,6.0,0.0,True,,4.2,196.0,66.12,,,4512.0,Peeps,,"B09TRWQK3H (Peeps: 12"" Pattern Bunnies Squeaker Pet Toy(s) Assorted YO- 10PC PDQ)",[],True,False,False,True,Seasonal Toys,8.0,B09TRWQK3H,2025-12-10,,,,,
In Stock,FD,0.0,,,,2.0,6.0,0.0,True,,4.2,197.0,66.12,,,4410.0,Peeps,,"B09TRWQK3H (Peeps: 12"" Pattern Bunnies Squeaker Pet Toy(s) Assorted YO- 10PC PDQ)",[],True,False,False,True,Seasonal Toys,8.0,B09TRWQK3H,2025-12-09,,,,,
In Stock,FD,0.0,,,,1.0,6.0,0.0,True,,4.2,197.0,66.12,,,4279.0,Peeps,,"B09TRWQK3H (Peeps: 12"" Pattern Bunnies Squeaker Pet Toy(s) Assorted YO- 10PC PDQ)",[],True,False,False,True,Seasonal Toys,8.0,B09TRWQK3H,2025-12-08,,,,,
In Stock,FD,0.0,,,,2.0,6.0,0.0,True,,4.2,142.0,66.12,,,4220.0,Peeps,,"B09TRWQK3H (Peeps: 12"" Pattern Bunnies Squeaker Pet Toy(s) Assorted YO- 10PC PDQ)",[],True,False,False,True,Seasonal Toys,8.0,B09TRWQK3H,2025-12-07,,,,,
In Stock,FD,,,,,,6.0,0.0,True,,4.2,142.0,66.12,,,4183.0,Peeps,,"B09TRWQK3H (Peeps: 12"" Pattern Bunnies Squeaker Pet Toy(s) Assorted YO- 10PC PDQ)",[],True,False,False,True,Seasonal Toys,8.0,B09TRWQK3H,2025-12-06,,,,,
In Stock,FD,,,,,,6.0,0.0,True,,4.2,142.0,62.41,,,4193.0,Peeps,,"B09TRWQK3H (Peeps: 12"" Pattern Bunnies Squeaker Pet Toy(s) Assorted YO- 10PC PDQ)",[],True,False,False,True,Seasonal Toys,8.0,B09TRWQK3H,2025-12-05,,,,,
In Stock,FD,0.0,,,,2.0,6.0,0.0,True,,4.2,142.0,62.41,,,4152.0,Peeps,,"B09TRWQK3H (Peeps: 12"" Pattern Bunnies Squeaker Pet Toy(s) Assorted YO- 10PC PDQ)",[],True,False,False,True,Seasonal Toys,8.0,B09TRWQK3H,2025-12-04,,,,,
In Stock,FD,,,,,,6.0,0.0,True,,4.2,142.0,62.41,,,4075.0,Peeps,,"B09TRWQK3H (Peeps: 12"" Pattern Bunnies Squeaker Pet Toy(s) Assorted YO- 10PC PDQ)",[],True,False,False,True,Seasonal Toys,8.0,B09TRWQK3H,2025-12-03,,,,,
In Stock,FD,,,,,,6.0,0.0,True,,4.2,142.0,63.05,,,3854.0,Peeps,,"B09TRWQK3H (Peeps: 12"" Pattern Bunnies Squeaker Pet Toy(s) Assorted YO- 10PC PDQ)",[],True,False,False,True,Seasonal Toys,8.0,B09TRWQK3H,2025-12-02,,,,,
In Stock,FD,0.0,,,,2.0,6.0,0.0,True,,4.2,142.0,63.04,,,3647.0,Peeps,,"B09TRWQK3H (Peeps: 12"" Pattern Bunnies Squeaker Pet Toy(s) Assorted YO- 10PC PDQ)",[],True,False,False,True,Seasonal Toys,8.0,B09TRWQK3H,2025-12-01,,,,,
In Stock,FD,,,,,,6.0,0.0,True,,4.2,142.0,63.04,,,3361.0,Peeps,,"B09TRWQK3H (Peeps: 12"" Pattern Bunnies Squeaker Pet Toy(s) Assorted YO- 10PC PDQ)",[],True,False,False,True,Seasonal Toys,8.0,B09TRWQK3H,2025-11-30,,,,,
In Stock,FD,,,,,,6.0,0.0,True,,4.2,142.0,63.04,,,2600.0,Peeps,,"B09TRWQK3H (Peeps: 12"" Pattern Bunnies Squeaker Pet Toy(s) Assorted YO- 10PC PDQ)",[],True,False,False,True,Seasonal Toys,8.0,B09TRWQK3H,2025-11-29,,,,,
In Stock,FD,,,,,,6.0,0.0,True,,4.2,142.0,62.38,,,2131.0,Peeps,,"B09TRWQK3H (Peeps: 12"" Pattern Bunnies Squeaker Pet Toy(s) Assorted YO- 10PC PDQ)",[],True,False,False,True,Seasonal Toys,8.0,B09TRWQK3H,2025-11-28,,,,,
In Stock,FD,0.0,,,,2.0,6.0,0.0,True,,4.2,142.0,49.49,,,4055.0,Peeps,,"B09TRWQK3H (Peeps: 12"" Pattern Bunnies Squeaker Pet Toy(s) Assorted YO- 10PC PDQ)",[],True,False,False,True,Seasonal Toys,8.0,B09TRWQK3H,2025-11-27,,,,,
In Stock,FD,,,,,,6.0,0.0,True,,4.2,142.0,49.49,,,4060.0,Peeps,,"B09TRWQK3H (Peeps: 12"" Pattern Bunnies Squeaker Pet Toy(s) Assorted YO- 10PC PDQ)",[],True,False,False,True,Seasonal Toys,8.0,B09TRWQK3H,2025-11-26,,,,,
In Stock,FD,0.0,,,,1.0,6.0,0.0,True,,4.2,142.0,49.49,,,4046.0,Peeps,,"B09TRWQK3H (Peeps: 12"" Pattern Bunnies Squeaker Pet Toy(s) Assorted YO- 10PC PDQ)",[],True,False,False,True,Seasonal Toys,8.0,B09TRWQK3H,2025-11-25,,,,,
In Stock,FD,0.0,,,,1.0,6.0,0.0,True,,4.2,142.0,49.49,,,4011.0,Peeps,,"B09TRWQK3H (Peeps: 12"" Pattern Bunnies Squeaker Pet Toy(s) Assorted YO- 10PC PDQ)",[],True,False,False,True,Seasonal Toys,8.0,B09TRWQK3H,2025-11-24,,,,,
In Stock,FD,,,,,,6.0,0.0,True,,4.2,142.0,49.49,,,3951.0,Peeps,,"B09TRWQK3H (Peeps: 12"" Pattern Bunnies Squeaker Pet Toy(s) Assorted YO- 10PC PDQ)",[],True,False,False,True,Seasonal Toys,8.0,B09TRWQK3H,2025-11-23,,,,,
In Stock,FD,0.0,,,,1.0,6.0,0.0,True,,4.2,142.0,49.49,,,3878.0,Peeps,,"B09TRWQK3H (Peeps: 12"" Pattern Bunnies Squeaker Pet Toy(s) Assorted YO- 10PC PDQ)",[],True,False,False,True,Seasonal Toys,8.0,B09TRWQK3H,2025-11-22,,,,,
In Stock,FD,,,,,,6.0,0.0,True,,4.2,142.0,52.09,,,3752.0,Peeps,,"B09TRWQK3H (Peeps: 12"" Pattern Bunnies Squeaker Pet Toy(s) Assorted YO- 10PC PDQ)",[],True,False,False,True,Seasonal Toys,8.0,B09TRWQK3H,2025-11-21,,,,,
In Stock,FD,0.0,,,,3.0,6.0,0.0,True,,4.2,142.0,52.09,,,3727.0,Peeps,,"B09TRWQK3H (Peeps: 12"" Pattern Bunnies Squeaker Pet Toy(s) Assorted YO- 10PC PDQ)",[],True,False,False,True,Seasonal Toys,8.0,B09TRWQK3H,2025-11-20,,,,,
In Stock,FD,,,,,,6.0,0.0,True,,4.2,153.0,52.09,,,3654.0,Peeps,,"B09TRWQK3H (Peeps: 12"" Pattern Bunnies Squeaker Pet Toy(s) Assorted YO- 10PC PDQ)",[],True,False,False,True,Seasonal Toys,8.0,B09TRWQK3H,2025-11-19,,,,,
In Stock,FD,0.0,,,,1.0,6.0,0.0,True,,4.2,153.0,56.62,,,3505.0,Peeps,,"B09TRWQK3H (Peeps: 12"" Pattern Bunnies Squeaker Pet Toy(s) Assorted YO- 10PC PDQ)",[],True,False,False,True,Seasonal Toys,8.0,B09TRWQK3H,2025-11-18,,,,,
In Stock,FD,,,,,,6.0,0.0,True,,4.2,153.0,56.62,,,3199.0,Peeps,,"B09TRWQK3H (Peeps: 12"" Pattern Bunnies Squeaker Pet Toy(s) Assorted YO- 10PC PDQ)",[],True,False,False,True,Seasonal Toys,8.0,B09TRWQK3H,2025-11-17,,,,,
In Stock,FD,,,,,,6.0,0.0,True,,4.2,153.0,56.62,,,2835.0,Peeps,,"B09TRWQK3H (Peeps: 12"" Pattern Bunnies Squeaker Pet Toy(s) Assorted YO- 10PC PDQ)",[],True,False,False,True,Seasonal Toys,8.0,B09TRWQK3H,2025-11-16,,,,,
In Stock,FD,,,,,,6.0,0.0,True,,4.2,153.0,56.62,,,2317.0,Peeps,,"B09TRWQK3H (Peeps: 12"" Pattern Bunnies Squeaker Pet Toy(s) Assorted YO- 10PC PDQ)",[],True,False,False,True,Seasonal Toys,8.0,B09TRWQK3H,2025-11-15,,,,,
In Stock,FD,,,,,,6.0,0.0,True,,4.2,153.0,61.65,,,2929.0,Peeps,,"B09TRWQK3H (Peeps: 12"" Pattern Bunnies Squeaker Pet Toy(s) Assorted YO- 10PC PDQ)",[],True,False,False,True,Seasonal Toys,,B09TRWQK3H,2025-11-14,,,,,
In Stock,FD,,,,,,6.0,0.0,True,,4.2,153.0,61.65,,,2897.0,Peeps,,"B09TRWQK3H (Peeps: 12"" Pattern Bunnies Squeaker Pet Toy(s) Assorted YO- 10PC PDQ)",[],True,False,False,True,Seasonal Toys,8.0,B09TRWQK3H,2025-11-13,,,,,
In Stock,FD,,0.0,,0.0,,6.0,0.0,True,,4.2,153.0,61.65,,,2897.0,Peeps,,"B09TRWQK3H (Peeps: 12"" Pattern Bunnies Squeaker Pet Toy(s) Assorted YO- 10PC PDQ)",[],True,False,False,True,Seasonal Toys,8.0,B09TRWQK3H,2025-11-12,,,,,
In Stock,FD,0.5,67.0,66.53,1.0,2.0,6.0,0.0,True,,4.2,153.0,61.62,,,2897.0,Peeps,,"B09TRWQK3H (Peeps: 12"" Pattern Bunnies Squeaker Pet Toy(s) Assorted YO- 10PC PDQ)",[],True,False,False,True,Seasonal Toys,9.0,B09TRWQK3H,2025-11-11,,,,,
In Stock,FD,,,,,,6.0,0.0,True,,4.2,153.0,61.49,,,2897.0,Peeps,,"B09TRWQK3H (Peeps: 12"" Pattern Bunnies Squeaker Pet Toy(s) Assorted YO- 10PC PDQ)",[],True,False,False,True,Seasonal Toys,9.0,B09TRWQK3H,2025-11-10,,,,,
In Stock,FD,0.0,,,,3.0,6.0,0.0,True,,4.2,153.0,61.8,,,2897.0,Peeps,,"B09TRWQK3H (Peeps: 12"" Pattern Bunnies Squeaker Pet Toy(s) Assorted YO- 10PC PDQ)",[],True,False,False,True,Seasonal Toys,9.0,B09TRWQK3H,2025-11-09,,,,,
In Stock,FD,0.0,,,,3.0,6.0,0.0,True,,4.2,153.0,61.8,,,2897.0,Peeps,,"B09TRWQK3H (Peeps: 12"" Pattern Bunnies Squeaker Pet Toy(s) Assorted YO- 10PC PDQ)",[],True,False,False,True,Seasonal Toys,9.0,B09TRWQK3H,2025-11-08,,,,,
In Stock,FD,,,,,,6.0,0.0,True,,4.2,153.0,61.68,,,2897.0,Peeps,,"B09TRWQK3H (Peeps: 12"" Pattern Bunnies Squeaker Pet Toy(s) Assorted YO- 10PC PDQ)",[],True,False,False,True,Seasonal Toys,9.0,B09TRWQK3H,2025-11-07,,,,,
In Stock,FD,,,,,,6.0,0.0,True,,4.2,153.0,45.23,,,3822.0,Peeps,,"B09TRWQK3H (Peeps: 12"" Pattern Bunnies Squeaker Pet Toy(s) Assorted YO- 10PC PDQ)",[],True,False,False,True,Seasonal Toys,9.0,B09TRWQK3H,2025-11-05,,,,,
In Stock,FD,0.0,,,,1.0,6.0,0.0,True,,4.2,153.0,46.39,,,3846.0,Peeps,,"B09TRWQK3H (Peeps: 12"" Pattern Bunnies Squeaker Pet Toy(s) Assorted YO- 10PC PDQ)",[],True,False,False,True,Seasonal Toys,9.0,B09TRWQK3H,2025-11-04,,,,,
In Stock,FD,,,,,,6.0,0.0,True,,4.2,153.0,46.39,,,3779.0,Peeps,,"B09TRWQK3H (Peeps: 12"" Pattern Bunnies Squeaker Pet Toy(s) Assorted YO- 10PC PDQ)",[],True,False,False,True,Seasonal Toys,9.0,B09TRWQK3H,2025-11-03,,,,,
In Stock,FD,0.0,,,,1.0,6.0,0.0,True,,4.2,152.0,46.39,,,3735.0,Peeps,,"B09TRWQK3H (Peeps: 12"" Pattern Bunnies Squeaker Pet Toy(s) Assorted YO- 10PC PDQ)",[],True,False,False,True,Seasonal Toys,9.0,B09TRWQK3H,2025-11-02,,,,,
In Stock,FD,0.0,,,,1.0,6.0,0.0,True,,4.2,152.0,46.39,,,3732.0,Peeps,,"B09TRWQK3H (Peeps: 12"" Pattern Bunnies Squeaker Pet Toy(s) Assorted YO- 10PC PDQ)",[],True,False,False,True,Seasonal Toys,9.0,B09TRWQK3H,2025-11-01,,,,,
In Stock,FD,,,,,,6.0,0.0,True,,4.2,152.0,46.39,,,3733.0,Peeps,,"B09TRWQK3H (Peeps: 12"" Pattern Bunnies Squeaker Pet Toy(s) Assorted YO- 10PC PDQ)",[],True,False,False,True,Seasonal Toys,9.0,B09TRWQK3H,2025-10-31,,,,,
In Stock,FD,0.0,,,,1.0,6.0,0.0,True,,4.2,152.0,46.39,,,3727.0,Peeps,,"B09TRWQK3H (Peeps: 12"" Pattern Bunnies Squeaker Pet Toy(s) Assorted YO- 10PC PDQ)",[],True,False,False,True,Seasonal Toys,9.0,B09TRWQK3H,2025-10-30,,,,,
In Stock,FD,,,,,,6.0,0.0,True,,4.2,152.0,52.72,,,3741.0,Peeps,,"B09TRWQK3H (Peeps: 12"" Pattern Bunnies Squeaker Pet Toy(s) Assorted YO- 10PC PDQ)",[],True,False,False,True,Seasonal Toys,9.0,B09TRWQK3H,2025-10-29,,,,,
In Stock,FD,,,,,,6.0,0.0,True,,4.2,152.0,52.72,,,3717.0,Peeps,,"B09TRWQK3H (Peeps: 12"" Pattern Bunnies Squeaker Pet Toy(s) Assorted YO- 10PC PDQ)",[],True,False,False,True,Seasonal Toys,9.0,B09TRWQK3H,2025-10-28,,,,,
In Stock,FD,,,,,,6.0,0.0,True,,4.2,152.0,52.72,,,3670.0,Peeps,,"B09TRWQK3H (Peeps: 12"" Pattern Bunnies Squeaker Pet Toy(s) Assorted YO- 10PC PDQ)",[],True,False,False,True,Seasonal Toys,9.0,B09TRWQK3H,2025-10-27,,,,,
In Stock,FD,,,,,,6.0,0.0,True,,4.2,152.0,52.72,,,3635.0,Peeps,,"B09TRWQK3H (Peeps: 12"" Pattern Bunnies Squeaker Pet Toy(s) Assorted YO- 10PC PDQ)",[],True,False,False,True,Seasonal Toys,9.0,B09TRWQK3H,2025-10-26,,,,,
In Stock,FD,,,,,,6.0,0.0,True,,4.2,152.0,52.72,,,3613.0,Peeps,,"B09TRWQK3H (Peeps: 12"" Pattern Bunnies Squeaker Pet Toy(s) Assorted YO- 10PC PDQ)",[],True,False,False,True,Seasonal Toys,9.0,B09TRWQK3H,2025-10-25,,,,,
In Stock,FD,0.0,,,,1.0,6.0,0.0,True,,4.2,152.0,52.72,,,3571.0,Peeps,,"B09TRWQK3H (Peeps: 12"" Pattern Bunnies Squeaker Pet Toy(s) Assorted YO- 10PC PDQ)",[],True,False,False,True,Seasonal Toys,9.0,B09TRWQK3H,2025-10-24,,,,,
In Stock,FD,,,,,,6.0,0.0,True,,4.2,152.0,52.61,,,3266.0,Peeps,,"B09TRWQK3H (Peeps: 12"" Pattern Bunnies Squeaker Pet Toy(s) Assorted YO- 10PC PDQ)",[],True,False,False,True,Seasonal Toys,9.0,B09TRWQK3H,2025-10-23,,,,,
In Stock,FD,,,,,,6.0,0.0,True,,4.2,152.0,52.61,,,3247.0,Peeps,,"B09TRWQK3H (Peeps: 12"" Pattern Bunnies Squeaker Pet Toy(s) Assorted YO- 10PC PDQ)",[],True,False,False,True,Seasonal Toys,9.0,B09TRWQK3H,2025-10-22,,,,,
